     1 00000000                                 ; naskfunc
     2 00000000                                 ; TAB=4
     3 00000000                                 
     4 00000000                                 [FORMAT "WCOFF"]								; 生成目标文件模式
     5 00000000                                 [INSTRSET "i486p"]								; 这个程序是给486用的
     6 00000000                                 [BITS 32]										; 生成32位模式机器码
     7 00000000                                 
     8 00000000                                 ; 目标文件信息
     9 00000000                                 
    10 00000000                                 [FILE "naskfunc.nas"]							; 源文件名信息
    11 00000000                                 
    12 00000000                                 		GLOBAL	_io_hlt, _write_mem8			; 此程序中包含的函数名
    13 00000000                                 
    14 00000000                                 ; 以下是实际函数
    15 00000000                                 
    16                                          [SECTION .text]									; 在目标文件中先写此指令再写程序
    17 00000000                                 
    18 00000000                                 _io_hlt:	; void io_hlt(void);
    19 00000000 F4                              		HLT
    20 00000001 C3                              		RET
    21 00000002                                 
    22 00000002                                 _write_mem8:	; void write_mem8(int addr, int data);
    23 00000002 8B 4C 24 04                     		MOV		ECX, [ESP+4]					; 将[ESP+4]中的addr的值读入ECX寄存器中
    24 00000006 8A 44 24 08                     		MOV		AL, [ESP+8]						; 将[ESP+8]中的data值读入AL中
    25 0000000A 88 01                           		MOV		[ECX], AL						; 将AL的值读入ECX指定的内存地址
    26 0000000C C3                              		RET										; 返回调用者
